compile_po.py
db.sqlite3
diagnose.py
docker-compose.yml
Dockerfile
docs/
locale/
manage.py
media/
mysite/
nginx/
node_modules/
package.json
package-lock.json
parco_verismo/
populate-db-complete.py
populate-itinerari.py
populate-luoghi-opere.py
populate-opere.py
quick-start.ps1
quick-start.sh*
README.md
requirements-dev.txt
requirements.txt
scripts/
test_output.txt
traduzioni_mancanti.json
traduzioni_mancanti.txt
verify_db.py
